c: pass    test/main/untracked-test
c: pass    test/main/update-unstaged-changes-test
c: pass    test/stage/default-test
c: pass    test/stage/gh-410-test
c: pass    test/stage/maximized-unstaged-changes-test
c: pass    test/stage/split-chunk-test
c: pass    test/stage/update-part-test
c: pass    test/status/file-filter-test
c: pass    test/status/file-name-test
c: pass    test/status/file-var-test
c: pass    test/status/on-branch-test
c: pass    test/status/on-branch-tracking-info-test
c: pass    test/status/refresh-test
c: pass    test/status/repo-var-test
c: pass    test/status/start-on-line-test
c: pass    test/status/submodule-editor-test
c: pass    test/status/untracked-files-test
c: pass    test/status/worktree-editor-test
c: pass    test/status/worktree-test
rust: pass    test/main/untracked-test
rust: pass    test/main/update-unstaged-changes-test
rust: pass    test/stage/default-test
rust: pass    test/stage/gh-410-test
rust: pass    test/stage/maximized-unstaged-changes-test
rust: fail    test/stage/split-chunk-test
rust: pass    test/stage/update-part-test
rust: fail    test/status/file-filter-test
rust: fail    test/status/file-name-test
rust: pass    test/status/file-var-test
rust: pass    test/status/on-branch-test
rust: pass    test/status/on-branch-tracking-info-test
rust: pass    test/status/refresh-test
rust: pass    test/status/repo-var-test
rust: pass    test/status/start-on-line-test
rust: pass    test/status/submodule-editor-test
rust: fail    test/status/untracked-files-test
rust: pass    test/status/worktree-editor-test
rust: pass    test/status/worktree-test
BLOCKED: migration/evidence/stage-parity/paired-rust-only.json
