   Compiling tig-rs v0.1.0 (<clone>)
    Finished `test` profile [unoptimized + debuginfo] target(s) in 4.35s
     Running unittests rust/lib.rs (target/debug/deps/tig_rs-9f2285843a62c1f7)

running 47 tests
test config::tests::cli_preserves_git_arguments_and_separator ... ok
test commands::tests::expansion_preserves_arguments_and_requires_known_variables ... ok
test config::tests::command_quotes_comments_continuations_and_sequences ... ok
test config::tests::config_diagnostics_recover_without_changing_prompt_errors ... ok
test config::tests::source_cycles_missing_and_recovery ... ok
test config::tests::source_summaries_belong_only_to_files_with_direct_errors ... ok
test config::tests::diff_cli_switches_update_shared_config_without_eating_paths_or_filter_values ... ok
test config::tests::config_enum_error_order_and_date_column_boundary ... ok
test config::tests::append_colors_and_numeric_boundaries ... ok
test git::tests::blame_porcelain_keeps_dates_and_historical_path ... ok
test git::tests::nul_parsers_preserve_paths_and_reject_truncation ... ok
test config::tests::original_main_default_toggle_sequence ... ok
test config::tests::original_view_column_fixture_and_atomic_errors ... ok
test config::tests::typed_toggles_validate_and_preserve_state ... ok
test graph::golden_tests::upstream_graph_fixtures ... ok
test config::tests::upstream_defaults_and_overrides ... ok
test graph::tests::raw_parents_and_colors ... ok
test graph::tests::linear_merge_and_boundary ... ok
test graph_v1::tests::boundary_root_and_octopus ... ok
test graph_v1::tests::merge_and_shared_ancestor ... ok
test graph_v1::tests::merge_in_right_column_retains_v1_metadata ... ok
test help_view::tests::user_commands_and_key_names_are_searchable ... ok
test help_view::tests::default_and_collapsed_help_follow_active_bindings ... ok
test patch::tests::malformed_and_unsupported_patches_fail ... ok
test commands::tests::launched_nonzero_exit_is_distinct_from_spawn_failure ... ok
test config::tests::show_revision_respects_end_of_options_and_path_separator ... ok
test git::tests::applying_mailbox_without_head_name_uses_current_branch ... ok
test git::tests::branch_status_tracks_upstream_and_detached_tags ... ok
test patch::tests::configured_diff_prefix_cannot_stage_a_different_path ... ok
test refs_view::tests::tig_reference_numeric_order ... ok
test render::tests::auto_graphics_respects_locale_precedence ... ok
test patch::tests::replacement_selection_and_no_newline_markers ... ok
test git::tests::worktree_diff_preserves_conflict_and_configured_prefixes_without_changing_index ... ok
test render::tests::blame_uses_configured_dates_columns_and_rename_paths ... ok
test render::tests::reference_formats_and_graph_switches ... ok
test render::tests::dates_email_and_overrides ... ok
test render::tests::unicode_padding_clipping_and_controls ... ok
test render::tests::upstream_width_fixture ... ok
test tree_view::tests::modes_units_and_history_paths ... ok
test patch::tests::unprefixed_patch_cannot_stage_same_named_root_file ... ok
test git::tests::show_applies_context_and_word_diff_without_changing_history ... ok
test git::tests::real_repository_roundtrip_and_literal_staging ... ok
test refs_view::tests::refs_metadata_filter_and_columns ... ok
test patch::tests::single_line_hunk_reverse_and_failure_are_index_only ... ok
test patch::tests::partial_blocks_and_split_hunks_keep_context_markers_and_index_safety ... ok
test commands::tests::selected_branch_never_uses_an_unrelated_checked_out_branch ... ok
test tree_view::tests::upstream_tree_screen_rows ... ok

test result: ok. 47 passed; 0 failed; 0 ignored; 0 measured; 0 filtered out; finished in 3.71s

     Running unittests rust/bin/test-graph.rs (target/debug/deps/test_graph-a9f3f8a33b0f47b2)

running 0 tests

test result: ok. 0 passed; 0 failed; 0 ignored; 0 measured; 0 filtered out; finished in 0.00s

     Running unittests rust/main.rs (target/debug/deps/tig-8ec11809a9535be6)

running 18 tests
test tests::diff_stat_jump_ignores_commit_message_bars ... ok
test editor_tests::maps_stat_and_patch_rows_to_file_and_new_line ... ok
test tests::changes_follow_index_order_and_do_not_stage_unmerged_entries ... ok
test tests::grep_nul_fields_preserve_colons_newlines_and_revision_paths ... ok
test tests::diff_line_column_and_title_leave_patch_rows_intact ... ok
test editor_tests::preserves_literal_prefixes_and_ignores_commit_body ... ok
test tests::diff_reload_tracks_source_line_within_the_same_file ... ok
test editor_tests::aggregate_stage_stats_jump_to_matching_patch_and_file ... ok
test tests::grep_options_never_turn_pattern_or_option_values_into_revisions ... ok
test tests::log_message_cannot_replace_selected_commit ... ok
test tests::terminal_content_is_safe_and_cell_clipped ... ok
test tests::titles_split_focus_close_and_refresh_keep_context ... ok
test tests::nested_grep_tree_cannot_open_root_relative_tree_view ... ok
test tests::unclosed_binding_argument_cannot_become_a_valid_toggle ... ok
test editor_tests::blame_history_path_is_not_a_worktree_edit_target ... ok
test tests::failed_grep_query_keeps_previous_arguments ... ok
test tests::grep_tree_expression_reads_blob_from_its_own_tree ... ok
test tests::staging_last_untracked_file_refreshes_synthetic_main_parent ... ok

test result: ok. 18 passed; 0 failed; 0 ignored; 0 measured; 0 filtered out; finished in 1.37s

