c: pass    test/diff/diff-stat-split-test
c: pass    test/diff/maximized-navigation-test
c: pass    test/main/default-test
c: pass    test/main/search-test
c: pass    test/refs/branch-checkout-test
c: pass    test/refs/branch-tag-test
c: pass    test/refs/branch-var-test
c: pass    test/refs/default-test
c: pass    test/refs/filter-test
c: pass    test/refs/refresh-test
c: pass    test/refs/replace-test
c: pass    test/refs/start-on-line-test
c: pass    test/refs/worktree-test
c: pass    test/tigrc/width-test
rust: pass    test/diff/diff-stat-split-test
rust: pass    test/diff/maximized-navigation-test
rust: pass    test/main/default-test
rust: pass    test/main/search-test
rust: pass    test/refs/branch-checkout-test
rust: pass    test/refs/branch-tag-test
rust: pass    test/refs/branch-var-test
rust: pass    test/refs/default-test
rust: pass    test/refs/filter-test
rust: pass    test/refs/refresh-test
rust: pass    test/refs/replace-test
rust: pass    test/refs/start-on-line-test
rust: pass    test/refs/worktree-test
rust: pass    test/tigrc/width-test
PASS_SELECTED_SCRIPTS: migration/evidence/refs-filter-replace-sync/upstream.json
