{
  "source_commit": "90713600fee60a1a5a3448ce37505eafa590ccc7",
  "binary_sha256": {
    "src/tig": "885b62190fbd4ace86c499fca0a722a8fb2404e482a66871c2553de6c67a341e",
    "target/release/tig": "85f8ec82e1613f05d47597770a77e443fadd7b884361e37657c5b139b1d7541a"
  },
  "results": [
    {
      "width": 180,
      "stats": {
        "c": {
          "split": " ...ong-file-name-long-file-name-long-file-name-long-file-name-long-file-name-.txt | 1 +",
          "next": " long-directory/long-file-name-long-file-name-long-file-name-long-file-name-long-file-name-long-file-name-.txt | 1 +",
          "previous": " long-directory/long-file-name-long-file-name-long-file-name-long-file-name-long-file-name-long-file-name-.txt | 1 +",
          "refresh": " long-directory/long-file-name-long-file-name-long-file-name-long-file-name-long-file-name-long-file-name-.txt | 1 +"
        },
        "rust": {
          "split": " ...ong-file-name-long-file-name-long-file-name-long-file-name-long-file-name-.txt | 1 +",
          "next": " long-directory/long-file-name-long-file-name-long-file-name-long-file-name-long-file-name-long-file-name-.txt | 1 +",
          "previous": " long-directory/long-file-name-long-file-name-long-file-name-long-file-name-long-file-name-long-file-name-.txt | 1 +",
          "refresh": " long-directory/long-file-name-long-file-name-long-file-name-long-file-name-long-file-name-long-file-name-.txt | 1 +"
        }
      }
    },
    {
      "width": 181,
      "stats": {
        "c": {
          "split": " ...ong-file-name-long-file-name-long-file-name-long-file-name-long-file-name-.txt | 1 +",
          "next": " long-directory/long-file-name-long-file-name-long-file-name-long-file-name-long-file-name-long-file-name-.txt | 1 +",
          "previous": " long-directory/long-file-name-long-file-name-long-file-name-long-file-name-long-file-name-long-file-name-.txt | 1 +",
          "refresh": " long-directory/long-file-name-long-file-name-long-file-name-long-file-name-long-file-name-long-file-name-.txt | 1 +"
        },
        "rust": {
          "split": " ...ong-file-name-long-file-name-long-file-name-long-file-name-long-file-name-.txt | 1 +",
          "next": " long-directory/long-file-name-long-file-name-long-file-name-long-file-name-long-file-name-long-file-name-.txt | 1 +",
          "previous": " long-directory/long-file-name-long-file-name-long-file-name-long-file-name-long-file-name-long-file-name-.txt | 1 +",
          "refresh": " long-directory/long-file-name-long-file-name-long-file-name-long-file-name-long-file-name-long-file-name-.txt | 1 +"
        }
      }
    }
  ]
}
