c: pass    test/blame/blob-blame-test
c: pass    test/blame/default-test
c: pass    test/blame/initial-diff-test
c: pass    test/blame/navigation-parent-test
c: pass    test/blame/revargs-test
c: pass    test/blame/start-on-line-test
c: pass    test/blame/stash-test
c: pass    test/diff/diff-context-test
c: pass    test/diff/diff-wdiff-context-test
c: pass    test/diff/editor-test
c: pass    test/diff/submodule-editor-diffstat-test
c: pass    test/diff/submodule-editor-test
c: pass    test/diff/worktree-editor-test
c: pass    test/prompt/exec-test
c: pass    test/script/default-test
c: pass    test/stash/start-on-line-test
c: pass    test/status/submodule-editor-test
rust: pass    test/blame/blob-blame-test
rust: pass    test/blame/default-test
rust: fail    test/blame/initial-diff-test
rust: pass    test/blame/navigation-parent-test
rust: pass    test/blame/revargs-test
rust: pass    test/blame/start-on-line-test
rust: pass    test/blame/stash-test
rust: pass    test/diff/diff-context-test
rust: pass    test/diff/diff-wdiff-context-test
rust: pass    test/diff/editor-test
rust: pass    test/diff/submodule-editor-diffstat-test
rust: pass    test/diff/submodule-editor-test
rust: pass    test/diff/worktree-editor-test
rust: pass    test/prompt/exec-test
rust: pass    test/script/default-test
rust: fail    test/stash/start-on-line-test
rust: pass    test/status/submodule-editor-test
BLOCKED: migration/evidence/blame-navigation-final-after.json
