{
  "source_commit": "736b925ec2a8146ac0f52e2afe6e506f972ddde9",
  "binary_sha256": {
    "src/tig": "885b62190fbd4ace86c499fca0a722a8fb2404e482a66871c2553de6c67a341e",
    "target/release/tig": "b420f54b468596b826e1684fb0d6f820b90bc9a2c0303a4c27617ad0ab048c97"
  },
  "results": [
    {
      "width": 180,
      "stats": {
        "c": {
          "split": " ...ong-file-name-long-file-name-long-file-name-long-file-name-long-file-name-.txt | 1 +",
          "next": " long-directory/long-file-name-long-file-name-long-file-name-long-file-name-long-file-name-long-file-name-.txt | 1 +",
          "previous": " long-directory/long-file-name-long-file-name-long-file-name-long-file-name-long-file-name-long-file-name-.txt | 1 +",
          "refresh": " long-directory/long-file-name-long-file-name-long-file-name-long-file-name-long-file-name-long-file-name-.txt | 1 +"
        },
        "rust": {
          "split": " ...ong-file-name-long-file-name-long-file-name-long-file-name-long-file-name-.txt | 1 +",
          "next": " long-directory/long-file-name-long-file-name-long-file-name-long-file-name-long-file-name-long-file-name-.txt | 1 +",
          "previous": " long-directory/long-file-name-long-file-name-long-file-name-long-file-name-long-file-name-long-file-name-.txt | 1 +",
          "refresh": " long-directory/long-file-name-long-file-name-long-file-name-long-file-name-long-file-name-long-file-name-.txt | 1 +"
        }
      }
    },
    {
      "width": 181,
      "stats": {
        "c": {
          "split": " ...ong-file-name-long-file-name-long-file-name-long-file-name-long-file-name-.txt | 1 +",
          "next": " long-directory/long-file-name-long-file-name-long-file-name-long-file-name-long-file-name-long-file-name-.txt | 1 +",
          "previous": " long-directory/long-file-name-long-file-name-long-file-name-long-file-name-long-file-name-long-file-name-.txt | 1 +",
          "refresh": " long-directory/long-file-name-long-file-name-long-file-name-long-file-name-long-file-name-long-file-name-.txt | 1 +"
        },
        "rust": {
          "split": " ...ong-file-name-long-file-name-long-file-name-long-file-name-long-file-name-.txt | 1 +",
          "next": " long-directory/long-file-name-long-file-name-long-file-name-long-file-name-long-file-name-long-file-name-.txt | 1 +",
          "previous": " long-directory/long-file-name-long-file-name-long-file-name-long-file-name-long-file-name-long-file-name-.txt | 1 +",
          "refresh": " long-directory/long-file-name-long-file-name-long-file-name-long-file-name-long-file-name-long-file-name-.txt | 1 +"
        }
      }
    }
  ]
}
