      TEST  test/blame/blob-blame-test
      TEST  test/blame/default-test
      TEST  test/blame/initial-diff-test
      TEST  test/blame/navigation-parent-test
      TEST  test/blame/revargs-test
      TEST  test/blame/start-on-line-test
      TEST  test/blame/stash-test
      TEST  test/blob/wrap-lines-test
      TEST  test/diff/commit-title-wrap-test
      TEST  test/diff/diff-context-test
      TEST  test/diff/diff-highlight-color-test
            [skipped] The test requires diff-highlight, usually found in share/git-core-contrib
      TEST  test/diff/diff-highlight-test
      CASE  test/diff/diff-highlight-test:diff-highlight-true
      CASE  test/diff/diff-highlight-test:diff-highlight-custom
      CASE  test/diff/diff-highlight-test:diff-highlight-misconfigured
      TEST  test/diff/diff-stat-split-test
      TEST  test/diff/diff-stat-test
      TEST  test/diff/diff-stdin-test
      TEST  test/diff/diff-wdiff-context-test
      TEST  test/diff/editor-test
      CASE  test/diff/editor-test:default
      CASE  test/diff/editor-test:sub-directory
      CASE  test/diff/editor-test:sub-directory-diffstat
      CASE  test/diff/editor-test:mnemonic
      CASE  test/diff/editor-test:noprefix
      CASE  test/diff/editor-test:default-conflict
      CASE  test/diff/editor-test:noprefix-conflict
      TEST  test/diff/line-number-test
      TEST  test/diff/maximized-navigation-test
      TEST  test/diff/open-after-split-test
      TEST  test/diff/start-on-line-test
      TEST  test/diff/submodule-editor-diffstat-test
      TEST  test/diff/submodule-editor-test
      CASE  test/diff/submodule-editor-test:default
      CASE  test/diff/submodule-editor-test:sub-directory
      CASE  test/diff/submodule-editor-test:sub-directory-diffstat
      CASE  test/diff/submodule-editor-test:mnemonic
      CASE  test/diff/submodule-editor-test:noprefix
      CASE  test/diff/submodule-editor-test:default-conflict
      CASE  test/diff/submodule-editor-test:noprefix-conflict
      TEST  test/diff/worktree-editor-test
      CASE  test/diff/worktree-editor-test:default
      CASE  test/diff/worktree-editor-test:sub-directory
      CASE  test/diff/worktree-editor-test:sub-directory-diffstat
      CASE  test/diff/worktree-editor-test:mnemonic
      CASE  test/diff/worktree-editor-test:noprefix
      CASE  test/diff/worktree-editor-test:default-conflict
      CASE  test/diff/worktree-editor-test:noprefix-conflict
      TEST  test/diff/wrap-lines-test
      TEST  test/graph/00-simple-test
      TEST  test/graph/01-merge-from-left-test
      TEST  test/graph/02-duplicate-parent-test
      TEST  test/graph/03-octo-merge-test
      TEST  test/graph/04-missing-bar-test
      TEST  test/graph/05-extra-pipe-test
      TEST  test/graph/06-extra-bars-test
      TEST  test/graph/07-multi-collapse-test
      TEST  test/graph/08-multi-collapse-2-test
      TEST  test/graph/09-parallel-siblings-test
      TEST  test/graph/10-shorter-merge-than-branch-test
      TEST  test/graph/11-new-branch-in-middle-test
      TEST  test/graph/12-cross-over-collapse-test
      TEST  test/graph/13-collapse-parallel-branches-with-different-middle-branch-test
      TEST  test/graph/14-long-collapse-line-test
      TEST  test/graph/15-many-merges-test
      TEST  test/graph/16-changes-test
      TEST  test/graph/17-more-merges-test
      TEST  test/graph/18-tig-test
      TEST  test/graph/19-tig-all-test
      TEST  test/graph/20-tig-all-long-test
      TEST  test/graph/gh-490-heap-buffer-overflow-test
            [skipped] The test requires clang and is only run via `make test-address-sanitizer`
      TEST  test/graph/regression/horizontal-artifact-test
      TEST  test/graph/regression/horizontal-bar-wrong-2-test
      TEST  test/grep/default-test
      TEST  test/grep/editor-test
      TEST  test/grep/refspec-test
      TEST  test/grep/start-on-line-test
      TEST  test/help/all-keybindings-test
      TEST  test/help/default-test
      TEST  test/help/user-command-test
      TEST  test/log/diff-stat-test
      TEST  test/log/log-graph-test
      TEST  test/log/pretty-format-test
      TEST  test/log/start-on-line-test
      TEST  test/log/submodule-test
      TEST  test/main/all-arg-test
      TEST  test/main/author-name-change-test
      TEST  test/main/boundary-test
            | Failed 2 out of 2 test(s)
            | [stderr] tig: No revisions match the given arguments.
            | [FAIL] unexpected status code: 1 (should be 0)
            | [FAIL] merge-view.screen not found
      TEST  test/main/branch-var-test
      TEST  test/main/commit-order-edge-case-test
      TEST  test/main/commit-title-overflow-test
      TEST  test/main/date-test
      TEST  test/main/default-test
      TEST  test/main/emoji-test
      CASE  test/main/emoji-test:emoji-commit-titles-col-46
      CASE  test/main/emoji-test:emoji-commit-titles-col-unset
      CASE  test/main/emoji-test:emoji-commit-titles-col-300
            | Failed 3 out of 6 test(s)
            | [FAIL] emoji-commit-titles-col-46.screen != expected/emoji-commit-titles-col-46.screen
            | diff --git a/expected/emoji-commit-titles-col-46.screen b/emoji-commit-titles-col-46.screen
            | index 4e7e712..af40a99 100644
            | --- a/expected/emoji-commit-titles-col-46.screen
            | +++ b/emoji-commit-titles-col-46.screen
            | @@ -1,4 +1,4 @@
            | -2009-04-06 01:44 +0000 Committer o [master] 🌏
            | +2009-04-06 01:44 +0000 Committer o [main] 🌏💧
            |  2009-03-28 13:22 +0000 Committer o 💄 Polish t
            |  2009-03-20 01:00 +0000 Committer o 📚 Document
            |  2009-03-11 12:38 +0000 Committer o 🎨 Reformat
            |   [OK] emoji-commit-titles-col-46.stderr assertion
            | [FAIL] emoji-commit-titles-col-unset.screen != expected/emoji-commit-titles-col-unset.screen
            | diff --git a/expected/emoji-commit-titles-col-unset.screen b/emoji-commit-titles-col-unset.screen
            | index 6c62c2c..88b6e47 100644
            | --- a/expected/emoji-commit-titles-col-unset.screen
            | +++ b/emoji-commit-titles-col-unset.screen
            | @@ -1,4 +1,4 @@
            | -2009-04-06 01:44 +0000 Committer o [master] 🌏💧✋🕋🗡🚀🏜☀🌡🌶💯🚱⏳🌅🌑😡💉😱😈💀
            | +2009-04-06 01:44 +0000 Committer o [main] 🌏💧✋🕋🗡🚀🏜☀🌡🌶💯🚱⏳🌅🌑😡💉😱😈💀💥
            |  2009-03-28 13:22 +0000 Committer o 💄 Polish the UI
            |  2009-03-20 01:00 +0000 Committer o 📚 Document new feature
            |  2009-03-11 12:38 +0000 Committer o 🎨 Reformat the code
            |   [OK] emoji-commit-titles-col-unset.stderr assertion
            | [FAIL] emoji-commit-titles-col-300.screen != expected/emoji-commit-titles-col-300.screen
            | diff --git a/expected/emoji-commit-titles-col-300.screen b/emoji-commit-titles-col-300.screen
            | index 882be70..a0b81ca 100644
            | --- a/expected/emoji-commit-titles-col-300.screen
            | +++ b/emoji-commit-titles-col-300.screen
            | @@ -1,4 +1,4 @@
            | -2009-04-06 01:44 +0000 Committer o [master] 🌏💧✋🕋🗡🚀🏜☀🌡🌶💯🚱⏳🌅🌑😡💉😱😈💀💥🌛🌙🐭💥🚶🏻〰🐛⌛👳🙏💥😴🛌😳💥🐛💥👊⚔👑
            | +2009-04-06 01:44 +0000 Committer o [main] 🌏💧✋🕋🗡🚀🏜☀🌡🌶💯🚱⏳🌅🌑😡💉😱😈💀💥🌛🌙🐭💥🚶🏻〰🐛⌛👳🙏💥😴🛌😳💥🐛💥👊⚔👑
            |  2009-03-28 13:22 +0000 Committer o 💄 Polish the UI
            |  2009-03-20 01:00 +0000 Committer o 📚 Document new feature
            |  2009-03-11 12:38 +0000 Committer o 🎨 Reformat the code
            |   [OK] emoji-commit-titles-col-300.stderr assertion
      TEST  test/main/escape-control-characters-test
      TEST  test/main/filter-args-test
      TEST  test/main/git-alias-test
      TEST  test/main/goto-test
      TEST  test/main/graph-argument-test
      TEST  test/main/jump-ends-test
      CASE  test/main/jump-ends-test:main-goto-1
      CASE  test/main/jump-ends-test:main-goto-max
      CASE  test/main/jump-ends-test:main-goto-max-plus-1
      CASE  test/main/jump-ends-test:main-goto-max-plus-2
      TEST  test/main/mailmap-test
      TEST  test/main/main-options-test
      TEST  test/main/merge-test
      TEST  test/main/no-matching-commmits-test
      TEST  test/main/no-merges-test
      TEST  test/main/pretty-raw-test
      TEST  test/main/refresh-periodic-test
            | Failed 5 out of 5 test(s)
            | [FAIL] main-with-unstaged.screen != expected/main-with-unstaged.screen
            | diff --git a/expected/main-with-unstaged.screen b/main-with-unstaged.screen
            | index bb77b48..fb18686 100644
            | --- a/expected/main-with-unstaged.screen
            | +++ b/main-with-unstaged.screen
            | @@ -1,4 +1,4 @@
            |  2014-05-25 19:42 +0000 Not Committed Yet o Unstaged changes
            | -2009-02-13 23:31 +0000 A. U. Thor        I [master] Initial commit
            | +2009-02-13 23:31 +0000 A. U. Thor        I [main] Initial commit
            |   
            |  [main] Unstaged changes                                                     100%
            | [FAIL] main-after-add-a.screen != expected/main-after-add-a.screen
            | diff --git a/expected/main-after-add-a.screen b/main-after-add-a.screen
            | index 5d4a33d..da42aca 100644
            | --- a/expected/main-after-add-a.screen
            | +++ b/main-after-add-a.screen
            | @@ -1,4 +1,4 @@
            |  2014-05-25 19:42 +0000 Not Committed Yet o Unstaged changes
            |  2014-05-25 19:42 +0000 Not Committed Yet o Staged changes
            | -2009-02-13 23:31 +0000 A. U. Thor        I [master] Initial commit
            | +2009-02-13 23:31 +0000 A. U. Thor        I [main] Initial commit
            |  [main] Unstaged changes                                                     100%
            | [FAIL] main-after-commit.screen != expected/main-after-commit.screen
            | diff --git a/expected/main-after-commit.screen b/main-after-commit.screen
            | index 250dc14..4b36b2a 100644
            | --- a/expected/main-after-commit.screen
            | +++ b/main-after-commit.screen
            | @@ -1,4 +1,4 @@
            |  2014-05-25 19:42 +0000 Not Committed Yet o Unstaged changes
            | -2009-02-22 11:53 +0000 Committer         o [master] Commit changes
            | +2009-02-22 11:53 +0000 Committer         o [main] Commit changes
            |  2009-02-13 23:31 +0000 A. U. Thor        I Initial commit
            |  [main] Unstaged changes                                                     100%
            | [FAIL] main-after-commiting-change-and-sleeping-hello.screen != expected/main-after-commiting-change-and-sleeping-hello.screen
            | diff --git a/expected/main-after-commiting-change-and-sleeping-hello.screen b/main-after-commiting-change-and-sleeping-hello.screen
            | index 6cea045..836e367 100644
            | --- a/expected/main-after-commiting-change-and-sleeping-hello.screen
            | +++ b/main-after-commiting-change-and-sleeping-hello.screen
            | @@ -1,4 +1,4 @@
            |  2014-05-25 19:42 +0000 Not Committed Yet o Unstaged changes
            | -2009-02-22 11:53 +0000 Committer         o [master] Another change: hello
            | +2009-02-22 11:53 +0000 Committer         o [main] Another change: hello
            |  2009-02-22 11:53 +0000 Committer         o Commit changes
            |  [main] Unstaged changes                                                      75%
            | [FAIL] main-after-commiting-change-and-sleeping-world.screen != expected/main-after-commiting-change-and-sleeping-world.screen
            | diff --git a/expected/main-after-commiting-change-and-sleeping-world.screen b/main-after-commiting-change-and-sleeping-world.screen
            | index 0d3f640..63fcef7 100644
            | --- a/expected/main-after-commiting-change-and-sleeping-world.screen
            | +++ b/main-after-commiting-change-and-sleeping-world.screen
            | @@ -1,4 +1,4 @@
            | -2009-02-22 11:53 +0000 Committer  o [master] Another change: world
            | +2009-02-22 11:53 +0000 Committer  o [main] Another change: world
            |  2009-02-22 11:53 +0000 Committer  o Another change: hello
            |  2009-02-22 11:53 +0000 Committer  o Commit changes
            |  [main] 70bab5b220d2fd9bf61c125d52d59e10e93ec341 - commit 1 of 4              75%
      TEST  test/main/refresh-test
            | Failed 8 out of 8 test(s)
            | [FAIL] main-with-unstaged.screen != expected/main-with-unstaged.screen
            | diff --git a/expected/main-with-unstaged.screen b/main-with-unstaged.screen
            | index 6566fd4..fb18686 100644
            | --- a/expected/main-with-unstaged.screen
            | +++ b/main-with-unstaged.screen
            | @@ -1,4 +1,4 @@
            |  2014-05-25 19:42 +0000 Not Committed Yet o Unstaged changes
            | -2009-02-13 23:31 +0000 A. U. Thor I [master] Initial commit
            | +2009-02-13 23:31 +0000 A. U. Thor        I [main] Initial commit
            |   
            |  [main] Unstaged changes                                                     100%
            | [FAIL] main-after-add-a.screen != expected/main-after-add-a.screen
            | diff --git a/expected/main-after-add-a.screen b/main-after-add-a.screen
            | index 62c4775..da42aca 100644
            | --- a/expected/main-after-add-a.screen
            | +++ b/main-after-add-a.screen
            | @@ -1,4 +1,4 @@
            |  2014-05-25 19:42 +0000 Not Committed Yet o Unstaged changes
            |  2014-05-25 19:42 +0000 Not Committed Yet o Staged changes
            | -2009-02-13 23:31 +0000 A. U. Thor I [master] Initial commit
            | +2009-02-13 23:31 +0000 A. U. Thor        I [main] Initial commit
            |  [main] Unstaged changes                                                     100%
            | [FAIL] main-after-add-all.screen != expected/main-after-add-all.screen
            | diff --git a/expected/main-after-add-all.screen b/main-after-add-all.screen
            | index 0463804..90a40b8 100644
            | --- a/expected/main-after-add-all.screen
            | +++ b/main-after-add-all.screen
            | @@ -1,4 +1,4 @@
            |  2014-05-25 19:42 +0000 Not Committed Yet o Staged changes
            | -2009-02-13 23:31 +0000 A. U. Thor I [master] Initial commit
            | +2009-02-13 23:31 +0000 A. U. Thor        I [main] Initial commit
            |   
            |  [main] Staged changes                                                       100%
            | [FAIL] main-after-commit.screen != expected/main-after-commit.screen
            | diff --git a/expected/main-after-commit.screen b/main-after-commit.screen
            | index 104b237..9cae1e6 100644
            | --- a/expected/main-after-commit.screen
            | +++ b/main-after-commit.screen
            | @@ -1,4 +1,4 @@
            | -2009-02-22 11:53 +0000 Committer  o [master] Commit changes
            | +2009-02-22 11:53 +0000 Committer  o [main] Commit changes
            |  2009-02-13 23:31 +0000 A. U. Thor I Initial commit
            |   
            |  [main] 559565d219fd061c3cec4f2071025374533bdfc6 - commit 1 of 2             100%
            | [FAIL] main-after-reset-soft.screen != expected/main-after-reset-soft.screen
            | diff --git a/expected/main-after-reset-soft.screen b/main-after-reset-soft.screen
            | index 0463804..90a40b8 100644
            | --- a/expected/main-after-reset-soft.screen
            | +++ b/main-after-reset-soft.screen
            | @@ -1,4 +1,4 @@
            |  2014-05-25 19:42 +0000 Not Committed Yet o Staged changes
            | -2009-02-13 23:31 +0000 A. U. Thor I [master] Initial commit
            | +2009-02-13 23:31 +0000 A. U. Thor        I [main] Initial commit
            |   
            |  [main] Staged changes                                                       100%
            | [FAIL] main-after-reset-a-and-bc.screen != expected/main-after-reset-a-and-bc.screen
            | diff --git a/expected/main-after-reset-a-and-bc.screen b/main-after-reset-a-and-bc.screen
            | index 62c4775..da42aca 100644
            | --- a/expected/main-after-reset-a-and-bc.screen
            | +++ b/main-after-reset-a-and-bc.screen
            | @@ -1,4 +1,4 @@
            |  2014-05-25 19:42 +0000 Not Committed Yet o Unstaged changes
            |  2014-05-25 19:42 +0000 Not Committed Yet o Staged changes
            | -2009-02-13 23:31 +0000 A. U. Thor I [master] Initial commit
            | +2009-02-13 23:31 +0000 A. U. Thor        I [main] Initial commit
            |  [main] Unstaged changes                                                     100%
            | [FAIL] main-after-reset-hard.screen != expected/main-after-reset-hard.screen
            | diff --git a/expected/main-after-reset-hard.screen b/main-after-reset-hard.screen
            | index 0a035b7..3fba6c0 100644
            | --- a/expected/main-after-reset-hard.screen
            | +++ b/main-after-reset-hard.screen
            | @@ -1,4 +1,4 @@
            | -2009-02-13 23:31 +0000 A. U. Thor I [master] Initial commit
            | +2009-02-13 23:31 +0000 A. U. Thor I [main] Initial commit
            |   
            |   
            |  [main] ca34b8bb5a0034fc5b5ab9840f74cae1fab2c3a9 - commit 1 of 1             100%
            | [FAIL] main-after-tag.screen != expected/main-after-tag.screen
            | diff --git a/expected/main-after-tag.screen b/main-after-tag.screen
            | index 3512f10..dbe0815 100644
            | --- a/expected/main-after-tag.screen
            | +++ b/main-after-tag.screen
            | @@ -1,4 +1,4 @@
            | -2009-02-13 23:31 +0000 A. U. Thor I [master] <test> Initial commit
            | +2009-02-13 23:31 +0000 A. U. Thor I [main] <test> Initial commit
            |   
            |   
            |  [main] ca34b8bb5a0034fc5b5ab9840f74cae1fab2c3a9 - commit 1 of 1             100%
      TEST  test/main/search-preload-test
      TEST  test/main/search-test
      TEST  test/main/show-changes-after-rename-test
            | Failed 1 out of 1 test(s)
            | [FAIL] default.screen != expected/default.screen
            | diff --git a/expected/default.screen b/default.screen
            | index 12d1ef8..fda22b2 100644
            | --- a/expected/default.screen
            | +++ b/default.screen
            | @@ -1,3 +1,3 @@
            |  2014-05-25 19:42 +0000 Not Committed Yet o Staged changes
            | -2009-02-13 23:31 +0000 Committer I [master] commit1
            | +2009-02-13 23:31 +0000 Committer         I [main] commit1
            |  [main] Staged changes                                                       100%
      TEST  test/main/show-changes-test
            | Failed 9 out of 9 test(s)
            | [FAIL] main-with-unstaged.screen != expected/main-with-unstaged.screen
            | diff --git a/expected/main-with-unstaged.screen b/main-with-unstaged.screen
            | index 88a8209..4477c1f 100644
            | --- a/expected/main-with-unstaged.screen
            | +++ b/main-with-unstaged.screen
            | @@ -1,5 +1,5 @@
            |  2014-05-25 19:42 +0000 Not Committed Yet o Unstaged changes
            | -2009-02-13 23:31 +0000 A. U. Thor        I [master] Initial commit
            | +2009-02-13 23:31 +0000 A. U. Thor        I [main] Initial commit
            |   
            |   
            |   
            | [FAIL] main-with-unstaged-split.screen != expected/main-with-unstaged-split.screen
            | diff --git a/expected/main-with-unstaged-split.screen b/main-with-unstaged-split.screen
            | index a5664d5..b78b9b9 100644
            | --- a/expected/main-with-unstaged-split.screen
            | +++ b/main-with-unstaged-split.screen
            | @@ -1,5 +1,5 @@
            |  2014-05-25 19:42 +0000 Not Committed Yet o Unstaged changes
            | -2009-02-13 23:31 +0000 A. U. Thor        I [master] Initial commit
            | +2009-02-13 23:31 +0000 A. U. Thor        I [main] Initial commit
            |   
            |   
            |  [main] Unstaged changes                                                     100%
            | [FAIL] main-with-unstaged-and-staged-split.screen != expected/main-with-unstaged-and-staged-split.screen
            | diff --git a/expected/main-with-unstaged-and-staged-split.screen b/main-with-unstaged-and-staged-split.screen
            | index 87e2f1a..39db318 100644
            | --- a/expected/main-with-unstaged-and-staged-split.screen
            | +++ b/main-with-unstaged-and-staged-split.screen
            | @@ -1,6 +1,6 @@
            |  2014-05-25 19:42 +0000 Not Committed Yet o Unstaged changes
            |  2014-05-25 19:42 +0000 Not Committed Yet o Staged changes
            | -2009-02-13 23:31 +0000 A. U. Thor        I [master] Initial commit
            | +2009-02-13 23:31 +0000 A. U. Thor        I [main] Initial commit
            |   
            |  [main] Unstaged changes                                                     100%
            |   .j  | 6 ++----
            | [FAIL] main-with-staged.screen != expected/main-with-staged.screen
            | diff --git a/expected/main-with-staged.screen b/main-with-staged.screen
            | index dce714d..40421ab 100644
            | --- a/expected/main-with-staged.screen
            | +++ b/main-with-staged.screen
            | @@ -1,5 +1,5 @@
            |  2014-05-25 19:42 +0000 Not Committed Yet o Staged changes
            | -2009-02-13 23:31 +0000 A. U. Thor        I [master] Initial commit
            | +2009-02-13 23:31 +0000 A. U. Thor        I [main] Initial commit
            |   
            |   
            |   
            | [FAIL] main-with-staged-split.screen != expected/main-with-staged-split.screen
            | diff --git a/expected/main-with-staged-split.screen b/main-with-staged-split.screen
            | index 7152d70..42f327f 100644
            | --- a/expected/main-with-staged-split.screen
            | +++ b/main-with-staged-split.screen
            | @@ -1,5 +1,5 @@
            |  2014-05-25 19:42 +0000 Not Committed Yet o Staged changes
            | -2009-02-13 23:31 +0000 A. U. Thor        I [master] Initial commit
            | +2009-02-13 23:31 +0000 A. U. Thor        I [main] Initial commit
            |   
            |   
            |  [main] Staged changes                                                       100%
            | [FAIL] main-with-staged-and-unstaged.screen != expected/main-with-staged-and-unstaged.screen
            | diff --git a/expected/main-with-staged-and-unstaged.screen b/main-with-staged-and-unstaged.screen
            | index 4f1ac27..8f3e5bf 100644
            | --- a/expected/main-with-staged-and-unstaged.screen
            | +++ b/main-with-staged-and-unstaged.screen
            | @@ -1,6 +1,6 @@
            |  2014-05-25 19:42 +0000 Not Committed Yet o Unstaged changes
            |  2014-05-25 19:42 +0000 Not Committed Yet o Staged changes
            | -2009-02-13 23:31 +0000 A. U. Thor        I [master] Initial commit
            | +2009-02-13 23:31 +0000 A. U. Thor        I [main] Initial commit
            |   
            |   
            |   
            | [FAIL] main-with-renamed.screen != expected/main-with-renamed.screen
            | diff --git a/expected/main-with-renamed.screen b/main-with-renamed.screen
            | index dce714d..40421ab 100644
            | --- a/expected/main-with-renamed.screen
            | +++ b/main-with-renamed.screen
            | @@ -1,5 +1,5 @@
            |  2014-05-25 19:42 +0000 Not Committed Yet o Staged changes
            | -2009-02-13 23:31 +0000 A. U. Thor        I [master] Initial commit
            | +2009-02-13 23:31 +0000 A. U. Thor        I [main] Initial commit
            |   
            |   
            |   
            | [FAIL] main-with-conflict.screen != expected/main-with-conflict.screen
            | diff --git a/expected/main-with-conflict.screen b/main-with-conflict.screen
            | index 4b23980..77baa15 100644
            | --- a/expected/main-with-conflict.screen
            | +++ b/main-with-conflict.screen
            | @@ -1,7 +1,7 @@
            |  2014-05-25 19:42 +0000 Not Committed Yet o Unstaged changes
            |  2009-03-11 12:38 +0000 Committer         o [conflict-master] Change: c'
            |  2009-03-03 00:15 +0000 Committer         o Change: c
            | -2009-02-22 11:53 +0000 Committer         o [master] Change: b
            | +2009-02-22 11:53 +0000 Committer         o [main] Change: b
            |  2009-02-13 23:31 +0000 Committer         o Change: a
            |  2009-02-13 23:31 +0000 A. U. Thor        I Initial commit
            |   
            | [FAIL] main-all-refs.screen != expected/main-all-refs.screen
            | diff --git a/expected/main-all-refs.screen b/main-all-refs.screen
            | index f0a78de..f0b83fb 100644
            | --- a/expected/main-all-refs.screen
            | +++ b/main-all-refs.screen
            | @@ -3,7 +3,7 @@
            |  2014-05-25 19:42 +0000 Not Committed Yet | * Unstaged changes
            |  2009-03-11 12:38 +0000 Committer         | * [conflict-master] Change: c'
            |  2009-03-03 00:15 +0000 Committer         | * Change: c
            | -2009-02-22 11:53 +0000 Committer         *-' [master] Change: b
            | +2009-02-22 11:53 +0000 Committer         *-' [main] Change: b
            |  2009-02-13 23:31 +0000 Committer         * Change: a
            |  2009-02-13 23:31 +0000 A. U. Thor        I Initial commit
            |   
      TEST  test/main/start-on-line-test
      TEST  test/main/stdin-test
      TEST  test/main/submodule-test
      TEST  test/main/unbind-default-quit-key-test
      TEST  test/main/untracked-test
            | Failed 2 out of 2 test(s)
            | [FAIL] start.screen != expected/start.screen
            | diff --git a/expected/start.screen b/start.screen
            | index eaced98..cf0bcdf 100644
            | --- a/expected/start.screen
            | +++ b/start.screen
            | @@ -1,7 +1,7 @@
            |  2014-05-25 19:42 +0000 Not Committed Yet o Untracked changes
            |  2014-05-25 19:42 +0000 Not Committed Yet o Unstaged changes
            |  2014-05-25 19:42 +0000 Not Committed Yet o Staged changes
            | -2009-02-13 23:31 +0000 A. U. Thor        I [master] Initial commit
            | +2009-02-13 23:31 +0000 A. U. Thor        I [main] Initial commit
            |   
            |   
            |   
            | [FAIL] result.screen != expected/result.screen
            | diff --git a/expected/result.screen b/result.screen
            | index d8d46cf..53c1024 100644
            | --- a/expected/result.screen
            | +++ b/result.screen
            | @@ -1,11 +1,11 @@
            |  2014-05-25 19:42 +0000 Not Committed Yet o Untracked changes
            |  2014-05-25 19:42 +0000 Not Committed Yet o Unstaged changes
            |  2014-05-25 19:42 +0000 Not Committed Yet o Staged changes
            | -2009-02-13 23:31 +0000 A. U. Thor        I [master] Initial commit
            | +2009-02-13 23:31 +0000 A. U. Thor        I [main] Initial commit
            |   
            |   
            |  [main] Untracked changes                                                    100%
            | -On branch master
            | +On branch main
            |  Untracked files:
            |  ? z
            |   
      TEST  test/main/update-unstaged-changes-test
            | Failed 1 out of 2 test(s)
            | [FAIL] start.screen != expected/start.screen
            | diff --git a/expected/start.screen b/start.screen
            | index 9b49efa..fb18686 100644
            | --- a/expected/start.screen
            | +++ b/start.screen
            | @@ -1,4 +1,4 @@
            |  2014-05-25 19:42 +0000 Not Committed Yet o Unstaged changes
            | -2009-02-13 23:31 +0000 A. U. Thor        I [master] Initial commit
            | +2009-02-13 23:31 +0000 A. U. Thor        I [main] Initial commit
            |   
            |  [main] Unstaged changes                                                     100%
            |   [OK] result.screen assertion
      TEST  test/main/vertical-lines-test
      TEST  test/main/view-split-test
      TEST  test/prompt/exec-test
      CASE  test/prompt/exec-test:exec-without-arg-doesnt-crash
      CASE  test/prompt/exec-test:exec-only-flags-doesnt-crash
      TEST  test/reflog/default-test
      TEST  test/refs/branch-checkout-test
      TEST  test/refs/branch-tag-test
      TEST  test/refs/branch-var-test
      TEST  test/refs/default-test
      TEST  test/refs/filter-test
            | Failed 2 out of 2 test(s)
            | [FAIL] main.screen != expected/main.screen
            | diff --git a/expected/main.screen b/main.screen
            | index 556ff61..6c2b880 100644
            | --- a/expected/main.screen
            | +++ b/main.screen
            | @@ -1,4 +1,4 @@
            | -2009-02-13 23:31 +0000 Committer I [master] [my-branch2] {origin/my-branch2} <my-tag2> [refs/my-raw-ref2] Initial commit
            | +2009-02-13 23:31 +0000 Committer I [main] [my-branch2] {origin/my-branch2} <my-tag2> [refs/my-raw-ref2] Initial commit
            |   
            |   
            |   
            | [FAIL] refs.screen != expected/refs.screen
            | diff --git a/expected/refs.screen b/refs.screen
            | index e1437cb..0554ad9 100644
            | --- a/expected/refs.screen
            | +++ b/refs.screen
            | @@ -1,5 +1,5 @@
            |    All references
            | -  master
            | +  main
            |    my-branch2
            |    origin/my-branch2
            |    my-tag2
      TEST  test/refs/refresh-test
      TEST  test/refs/replace-test
      TEST  test/refs/start-on-line-test
      TEST  test/refs/worktree-test
      TEST  test/regressions/github-1136-test
      CASE  test/regressions/github-1136-test:bang-cmdlineargs-doesnt-crash
      CASE  test/regressions/github-1136-test:echo-cmdlineargs-doesnt-crash
      CASE  test/regressions/github-1136-test:bang-fileargs-doesnt-crash
      CASE  test/regressions/github-1136-test:echo-fileargs-doesnt-crash
      TEST  test/regressions/github-370-test
      TEST  test/regressions/github-390-test
            | Failed 2 out of 2 test(s)
            | [FAIL] initial.screen != expected/initial.screen
            | diff --git a/expected/initial.screen b/initial.screen
            | index 097fbdf..c56161f 100644
            | --- a/expected/initial.screen
            | +++ b/initial.screen
            | @@ -1,2 +1,2 @@
            | -2009-02-13 23:31 +0000 Committer I [master] {origin/master} {origin/HEAD} committed
            | +2009-02-13 23:31 +0000 Committer I [main] {origin/main} {origin/HEAD} committed
            |  [main] 6b55d08be93000f4bdf67f74177ab14f590910d4 - commit 1 of 1                       100%
            | [FAIL] tagged.screen != expected/tagged.screen
            | diff --git a/expected/tagged.screen b/tagged.screen
            | index d2787a5..4303aaa 100644
            | --- a/expected/tagged.screen
            | +++ b/tagged.screen
            | @@ -1,2 +1,2 @@
            | -2009-02-13 23:31 +0000 Committer I [master] {origin/master} {origin/HEAD} <Marke> committe
            | +2009-02-13 23:31 +0000 Committer I [main] {origin/main} {origin/HEAD} <Marke> committed
            |  [main] 6b55d08be93000f4bdf67f74177ab14f590910d4 - commit 1 of 1                       100%
      TEST  test/regressions/github-434-test
      TEST  test/script/comment-test
      TEST  test/script/default-test
      TEST  test/stage/default-test
            | Failed 2 out of 14 test(s)
            | [FAIL] status.screen != expected/status.screen
            | diff --git a/expected/status.screen b/status.screen
            | index 3c90946..025964a 100644
            | --- a/expected/status.screen
            | +++ b/status.screen
            | @@ -1,4 +1,4 @@
            | -On branch master
            | +On branch main
            |  Changes to be committed:
            |  M .j
            |  M a
            |   [OK] staged-changes.screen assertion
            |   [OK] unstaged-changes.screen assertion
            |   [OK] staged-changes.screen assertion
            |   [OK] unstaged-changes.screen assertion
            |   [OK] staged-changes-for-a-shortcut.screen assertion
            |   [OK] staged-changes.screen assertion
            |   [OK] staged-changes-for-a.screen assertion
            |   [OK] unstaged-changes.screen assertion
            |   [OK] unstaged-changes-default-title.screen assertion
            |   [OK] unstaged-changes-staged-bc-line.screen assertion
            |   [OK] unstaged-changes-staged-bc-chunk.screen assertion
            |   [OK] unstaged-changes-staged-bc-last-chunk.screen assertion
            | [FAIL] unstaged-changes-staged-all.screen != expected/unstaged-changes-staged-all.screen
            | diff --git a/expected/unstaged-changes-staged-all.screen b/unstaged-changes-staged-all.screen
            | index 4cd31b3..87bfb54 100644
            | --- a/expected/unstaged-changes-staged-all.screen
            | +++ b/unstaged-changes-staged-all.screen
            | @@ -1,4 +1,4 @@
            | -On branch master
            | +On branch main
            |  Changes to be committed:
            |  M .j
            |  M a
      TEST  test/stage/gh-410-test
            | Failed 2 out of 3 test(s)
            | [FAIL] status-before.screen != expected/status-before.screen
            | diff --git a/expected/status-before.screen b/status-before.screen
            | index d754a43..04521ac 100644
            | --- a/expected/status-before.screen
            | +++ b/status-before.screen
            | @@ -1,4 +1,4 @@
            | -On branch master
            | +On branch main
            |  Changes to be committed:
            |    (no files)
            |  Changes not staged for commit:
            |   [OK] unstaged-changes.screen assertion
            | [FAIL] status-after.screen != expected/status-after.screen
            | diff --git a/expected/status-after.screen b/status-after.screen
            | index 3cd4a19..8b1058c 100644
            | --- a/expected/status-after.screen
            | +++ b/status-after.screen
            | @@ -1,4 +1,4 @@
            | -On branch master
            | +On branch main
            |  Changes to be committed:
            |  M hello.txt
            |  Changes not staged for commit:
      TEST  test/stage/maximized-unstaged-changes-test
            | Failed 1 out of 2 test(s)
            | [FAIL] split.screen != expected/split.screen
            | diff --git a/expected/split.screen b/split.screen
            | index aabf7d5..e65a9dd 100644
            | --- a/expected/split.screen
            | +++ b/split.screen
            | @@ -1,5 +1,5 @@
            |  2014-05-25 19:42 +0000 Not Committed Yet o Unstaged changes
            | -2009-02-13 23:31 +0000 A. U. Thor        I [master] Initial commit
            | +2009-02-13 23:31 +0000 A. U. Thor        I [main] Initial commit
            |   
            |  [main] Unstaged changes                                                     100%
            |   .j  | 6 ++----
            |   [OK] maximized.screen assertion
      TEST  test/stage/split-chunk-test
      TEST  test/stage/update-part-test
            | Failed 1 out of 5 test(s)
            |   [OK] default-diff.screen assertion
            |   [OK] update-part-any.screen assertion
            |   [OK] update-part-first.screen assertion
            |   [OK] update-part-last.screen assertion
            | [FAIL] update-part-single.screen != expected/update-part-single.screen
            | diff --git a/expected/update-part-single.screen b/update-part-single.screen
            | index ad29844..be0d747 100644
            | --- a/expected/update-part-single.screen
            | +++ b/update-part-single.screen
            | @@ -1,4 +1,4 @@
            | -On branch master
            | +On branch main
            |  Changes to be committed:
            |  M a
            |  Changes not staged for commit:
      TEST  test/stash/start-on-line-test
      TEST  test/status/file-filter-test
      CASE  test/status/file-filter-test:status-path-filter
      TEST  test/status/file-name-test
      TEST  test/status/file-var-test
            | Failed 2 out of 2 test(s)
            | [FAIL] before-rm-file.screen != expected/before-rm-file.screen
            | diff --git a/expected/before-rm-file.screen b/before-rm-file.screen
            | index a3b6b44..7d25a6a 100644
            | --- a/expected/before-rm-file.screen
            | +++ b/before-rm-file.screen
            | @@ -1,4 +1,4 @@
            | -On branch master
            | +On branch main
            |  Changes to be committed:
            |    (no files)
            |  Changes not staged for commit:
            | [FAIL] after-rm-file.screen != expected/after-rm-file.screen
            | diff --git a/expected/after-rm-file.screen b/after-rm-file.screen
            | index 7bc7db0..22621fc 100644
            | --- a/expected/after-rm-file.screen
            | +++ b/after-rm-file.screen
            | @@ -1,4 +1,4 @@
            | -On branch master
            | +On branch main
            |  Changes to be committed:
            |    (no files)
            |  Changes not staged for commit:
      TEST  test/status/on-branch-test
      CASE  test/status/on-branch-test:on-branch-master
      CASE  test/status/on-branch-test:bisecting-master
      CASE  test/status/on-branch-test:on-detached-head
      CASE  test/status/on-branch-test:on-detached-tag
      CASE  test/status/on-branch-test:merging-master
      CASE  test/status/on-branch-test:rebasing-master
      CASE  test/status/on-branch-test:applying-mailbox-to-master
      CASE  test/status/on-branch-test:interactive-rebase-of-branch
      TEST  test/status/on-branch-tracking-info-test
      CASE  test/status/on-branch-tracking-info-test:up-to-date-with-remote-master
      CASE  test/status/on-branch-tracking-info-test:behind-remote-master
      CASE  test/status/on-branch-tracking-info-test:ahead-of-remote-master
      CASE  test/status/on-branch-tracking-info-test:diverged-from-remote-master
      TEST  test/status/refresh-test
            | Failed 11 out of 11 test(s)
            | [FAIL] status-with-unstaged.screen != expected/status-with-unstaged.screen
            | diff --git a/expected/status-with-unstaged.screen b/status-with-unstaged.screen
            | index 525419c..7c39652 100644
            | --- a/expected/status-with-unstaged.screen
            | +++ b/status-with-unstaged.screen
            | @@ -1,4 +1,4 @@
            | -On branch master
            | +On branch main
            |  Changes to be committed:
            |    (no files)
            |  Changes not staged for commit:
            | [FAIL] status-after-add-a.screen != expected/status-after-add-a.screen
            | diff --git a/expected/status-after-add-a.screen b/status-after-add-a.screen
            | index 5d3a4d7..bfe6024 100644
            | --- a/expected/status-after-add-a.screen
            | +++ b/status-after-add-a.screen
            | @@ -1,4 +1,4 @@
            | -On branch master
            | +On branch main
            |  Changes to be committed:
            |  M a
            |  Changes not staged for commit:
            | [FAIL] status-after-add-all.screen != expected/status-after-add-all.screen
            | diff --git a/expected/status-after-add-all.screen b/status-after-add-all.screen
            | index 3406352..06a8a75 100644
            | --- a/expected/status-after-add-all.screen
            | +++ b/status-after-add-all.screen
            | @@ -1,4 +1,4 @@
            | -On branch master
            | +On branch main
            |  Changes to be committed:
            |  M .j
            |  M a
            | [FAIL] status-after-commit.screen != expected/status-after-commit.screen
            | diff --git a/expected/status-after-commit.screen b/status-after-commit.screen
            | index a275208..3bea0fc 100644
            | --- a/expected/status-after-commit.screen
            | +++ b/status-after-commit.screen
            | @@ -1,4 +1,4 @@
            | -On branch master
            | +On branch main
            |  Changes to be committed:
            |    (no files)
            |  Changes not staged for commit:
            | [FAIL] status-after-reset-soft.screen != expected/status-after-reset-soft.screen
            | diff --git a/expected/status-after-reset-soft.screen b/status-after-reset-soft.screen
            | index 3406352..06a8a75 100644
            | --- a/expected/status-after-reset-soft.screen
            | +++ b/status-after-reset-soft.screen
            | @@ -1,4 +1,4 @@
            | -On branch master
            | +On branch main
            |  Changes to be committed:
            |  M .j
            |  M a
            | [FAIL] status-after-reset-a-and-bc.screen != expected/status-after-reset-a-and-bc.screen
            | diff --git a/expected/status-after-reset-a-and-bc.screen b/status-after-reset-a-and-bc.screen
            | index cd78e33..de8a314 100644
            | --- a/expected/status-after-reset-a-and-bc.screen
            | +++ b/status-after-reset-a-and-bc.screen
            | @@ -1,4 +1,4 @@
            | -On branch master
            | +On branch main
            |  Changes to be committed:
            |  M .j
            |  M e/f
            | [FAIL] status-after-checkout-bc.screen != expected/status-after-checkout-bc.screen
            | diff --git a/expected/status-after-checkout-bc.screen b/status-after-checkout-bc.screen
            | index df87fa8..02f2bee 100644
            | --- a/expected/status-after-checkout-bc.screen
            | +++ b/status-after-checkout-bc.screen
            | @@ -1,4 +1,4 @@
            | -On branch master
            | +On branch main
            |  Changes to be committed:
            |  M .j
            |  M e/f
            | [FAIL] status-after-reset-hard.screen != expected/status-after-reset-hard.screen
            | diff --git a/expected/status-after-reset-hard.screen b/status-after-reset-hard.screen
            | index a275208..3bea0fc 100644
            | --- a/expected/status-after-reset-hard.screen
            | +++ b/status-after-reset-hard.screen
            | @@ -1,4 +1,4 @@
            | -On branch master
            | +On branch main
            |  Changes to be committed:
            |    (no files)
            |  Changes not staged for commit:
            | [FAIL] status-after-touch-new-file.screen != expected/status-after-touch-new-file.screen
            | diff --git a/expected/status-after-touch-new-file.screen b/status-after-touch-new-file.screen
            | index 0170eac..38e87eb 100644
            | --- a/expected/status-after-touch-new-file.screen
            | +++ b/status-after-touch-new-file.screen
            | @@ -1,4 +1,4 @@
            | -On branch master
            | +On branch main
            |  Changes to be committed:
            |    (no files)
            |  Changes not staged for commit:
            | [FAIL] status-after-rm-a.screen != expected/status-after-rm-a.screen
            | diff --git a/expected/status-after-rm-a.screen b/status-after-rm-a.screen
            | index fe2d133..e9a2e20 100644
            | --- a/expected/status-after-rm-a.screen
            | +++ b/status-after-rm-a.screen
            | @@ -1,4 +1,4 @@
            | -On branch master
            | +On branch main
            |  Changes to be committed:
            |    (no files)
            |  Changes not staged for commit:
            | [FAIL] status-after-checkout-a.screen != expected/status-after-checkout-a.screen
            | diff --git a/expected/status-after-checkout-a.screen b/status-after-checkout-a.screen
            | index ca849d8..9d2ba7f 100644
            | --- a/expected/status-after-checkout-a.screen
            | +++ b/status-after-checkout-a.screen
            | @@ -1,4 +1,4 @@
            | -On branch master
            | +On branch main
            |  Changes to be committed:
            |    (no files)
            |  Changes not staged for commit:
      TEST  test/status/repo-var-test
      TEST  test/status/start-on-line-test
      TEST  test/status/submodule-editor-test
      TEST  test/status/untracked-files-test
      CASE  test/status/untracked-files-test:initial
      CASE  test/status/untracked-files-test:inside-dir-a
      CASE  test/status/untracked-files-test:status-show-untracked-files-option-off
            | Failed 3 out of 6 test(s)
            | [FAIL] initial.screen != expected/initial.screen
            | diff --git a/expected/initial.screen b/initial.screen
            | index c17d2b6..ee7ad81 100644
            | --- a/expected/initial.screen
            | +++ b/initial.screen
            | @@ -1,4 +1,4 @@
            | -On branch master
            | +On branch main
            |  Changes to be committed:
            |    (no files)
            |  Changes not staged for commit:
            |   [OK] initial.stderr assertion
            | [FAIL] inside-dir-a.screen != expected/inside-dir-a.screen
            | diff --git a/expected/inside-dir-a.screen b/inside-dir-a.screen
            | index c17d2b6..ee7ad81 100644
            | --- a/expected/inside-dir-a.screen
            | +++ b/inside-dir-a.screen
            | @@ -1,4 +1,4 @@
            | -On branch master
            | +On branch main
            |  Changes to be committed:
            |    (no files)
            |  Changes not staged for commit:
            |   [OK] inside-dir-a.stderr assertion
            | [FAIL] status-show-untracked-files-option-off.screen != expected/status-show-untracked-files-option-off.screen
            | diff --git a/expected/status-show-untracked-files-option-off.screen b/status-show-untracked-files-option-off.screen
            | index 29861d3..3d57f0e 100644
            | --- a/expected/status-show-untracked-files-option-off.screen
            | +++ b/status-show-untracked-files-option-off.screen
            | @@ -1,4 +1,4 @@
            | -On branch master
            | +On branch main
            |  Changes to be committed:
            |    (no files)
            |  Changes not staged for commit:
            |   [OK] status-show-untracked-files-option-off.stderr assertion
      TEST  test/status/worktree-editor-test
      TEST  test/status/worktree-test
      TEST  test/tigrc/append-option-test
      TEST  test/tigrc/builtin-error-test
      TEST  test/tigrc/builtin-save-test
      TEST  test/tigrc/command-value-long-test
      TEST  test/tigrc/compat-error-test
      TEST  test/tigrc/contrib-tigrc-test
      TEST  test/tigrc/env-vars-test
      TEST  test/tigrc/escape-var-test
      TEST  test/tigrc/parse-test
      TEST  test/tigrc/quote-test
      TEST  test/tigrc/save-option-test
      TEST  test/tigrc/source-test
      CASE  test/tigrc/source-test:source-file-plain
      CASE  test/tigrc/source-test:source-file-quietly
      CASE  test/tigrc/source-test:source-nonexistent-file
      CASE  test/tigrc/source-test:source-nonexistent-file-quietly
      CASE  test/tigrc/source-test:source-tilde-path
      TEST  test/tigrc/tigrc-manpage-examples-test
      TEST  test/tigrc/truncation-test
      CASE  test/tigrc/truncation-test:delimiter-default
      CASE  test/tigrc/truncation-test:delimiter-literal
      CASE  test/tigrc/truncation-test:delimiter-quoted-literal
      CASE  test/tigrc/truncation-test:delimiter-empty-fallback
      CASE  test/tigrc/truncation-test:delimiter-too-long-fallback
      CASE  test/tigrc/truncation-test:delimiter-special-value
      CASE  test/tigrc/truncation-test:delimiter-utf8-literal
      TEST  test/tigrc/view-column-test
      TEST  test/tigrc/width-test
      CASE  test/tigrc/width-test:main-widths-default
      CASE  test/tigrc/width-test:main-widths-1
      CASE  test/tigrc/width-test:main-widths-2
      CASE  test/tigrc/width-test:main-widths-5
      CASE  test/tigrc/width-test:main-widths-20
      CASE  test/tigrc/width-test:main-maxwidths-5
      CASE  test/tigrc/width-test:main-maxwidths-20
      CASE  test/tigrc/width-test:main-maxwidths-10%
      CASE  test/tigrc/width-test:tree-widths-default
      CASE  test/tigrc/width-test:tree-widths-1
      CASE  test/tigrc/width-test:tree-widths-2
      CASE  test/tigrc/width-test:tree-widths-5
      CASE  test/tigrc/width-test:tree-widths-20
      CASE  test/tigrc/width-test:refs-widths-default
      CASE  test/tigrc/width-test:refs-widths-1
      CASE  test/tigrc/width-test:refs-widths-2
      CASE  test/tigrc/width-test:refs-widths-5
      CASE  test/tigrc/width-test:refs-widths-20
      CASE  test/tigrc/width-test:refs-maxwidths-5
      CASE  test/tigrc/width-test:refs-maxwidths-20
      CASE  test/tigrc/width-test:grep-widths-default
      CASE  test/tigrc/width-test:grep-widths-1
      CASE  test/tigrc/width-test:grep-widths-2
      CASE  test/tigrc/width-test:grep-widths-5
      CASE  test/tigrc/width-test:grep-widths-20
      CASE  test/tigrc/width-test:grep-maxwidths-5
      CASE  test/tigrc/width-test:grep-maxwidths-20
      TEST  test/tigrc/xdg-config-home-test
      TEST  test/tree/chdir-test
      TEST  test/tree/default-test
      TEST  test/tree/file-name-test
      TEST  test/tree/recurse-test
      TEST  test/tree/submodule-editor-test
      TEST  test/tree/worktree-editor-test
   SUMMARY  Failed 57 of 573 assertions in 152 tests (2 skipped)
make: *** [test] Error 57
