    Checking libc v0.2.189
    Checking cfg-if v1.0.5
    Checking scopeguard v1.2.0
    Checking log v0.4.34
    Checking smallvec v1.16.2
    Checking memchr v2.8.3
    Checking bitflags v2.13.2
    Checking regex-syntax v0.8.11
    Checking num-traits v0.2.19
    Checking unicode-width v0.2.0
    Checking lock_api v0.4.14
    Checking aho-corasick v1.1.5
    Checking chrono v0.4.45
    Checking errno v0.3.14
    Checking parking_lot_core v0.9.12
    Checking mio v1.2.3
    Checking signal-hook-registry v1.4.8
    Checking rustix v0.38.44
    Checking parking_lot v0.12.5
    Checking signal-hook v0.3.18
    Checking signal-hook-mio v0.2.5
    Checking crossterm v0.28.1
    Checking regex-automata v0.4.18
    Checking regex v1.13.1
    Checking tig-rs v0.1.0 (<clone>)
    Finished `dev` profile [unoptimized + debuginfo] target(s) in 12.20s
